[    0s] Memory limit set to 21970666KB
[    0s] Using BUILD_ROOT=/var/cache/obs/worker/root_1
[    0s] Using BUILD_ARCH=riscv64
[    0s] 
[    4s] 
[    4s] oe-RISCV-worker82 started "build _service:extract_file:pytest.spec" at Thu Apr 21 08:55:04 UTC 2022.
[    4s] 
[    4s] Building pytest for project 'openEuler:Mainline:RISC-V' repository 'advanced_riscv64' arch 'riscv64' srcmd5 '0be08b958d0cf6712eb28cbfd3494a60'
[    4s] 
[    4s] processing recipe /var/cache/obs/worker/root_1/.build-srcdir/_service:extract_file:pytest.spec ...
[   10s] running changelog2spec --target rpm --file /var/cache/obs/worker/root_1/.build-srcdir/_service:extract_file:pytest.spec
[   11s] init_buildsystem --configdir /var/run/obs/worker/1/build/configs --cachedir /var/cache/build --clean --rpmlist /var/cache/obs/worker/root_1/.build.rpmlist /var/cache/obs/worker/root_1/.build-srcdir/_service:extract_file:pytest.spec build ...
[   99s] cycle: coreutils -> bash
[   99s]   breaking dependency coreutils -> bash
[   99s] cycle: coreutils -> info
[   99s]   breaking dependency coreutils -> info
[   99s] cycle: glibc -> filesystem -> coreutils
[   99s]   breaking dependency coreutils -> glibc
[   99s] cycle: glibc -> filesystem -> coreutils -> libacl
[   99s]   breaking dependency coreutils -> libacl
[   99s] cycle: glibc -> filesystem -> coreutils -> attr
[   99s]   breaking dependency coreutils -> attr
[   99s] cycle: coreutils -> libcap
[   99s]   breaking dependency coreutils -> libcap
[   99s] cycle: glibc -> filesystem -> coreutils -> openssl-libs
[   99s]   breaking dependency coreutils -> openssl-libs
[   99s] cycle: glibc -> filesystem -> coreutils -> libselinux
[   99s]   breaking dependency libselinux -> glibc
[   99s] cycle: glibc -> filesystem -> coreutils -> libselinux -> pcre2
[   99s]   breaking dependency pcre2 -> glibc
[   99s] cycle: glibc -> filesystem -> coreutils -> libselinux -> pcre2 -> readline
[   99s]   breaking dependency readline -> glibc
[   99s] cycle: glibc -> filesystem -> coreutils -> libselinux -> pcre2 -> readline -> ncurses-libs
[   99s]   breaking dependency filesystem -> coreutils
[   99s] cycle: glibc -> filesystem -> bash -> coreutils -> libselinux -> pcre2 -> readline -> ncurses-libs
[   99s]   breaking dependency filesystem -> bash
[   99s] cycle: perl-Carp -> perl-libs
[   99s]   breaking dependency perl-libs -> perl-Carp
[   99s] cycle: perl-libs -> perl-Exporter
[   99s]   breaking dependency perl-libs -> perl-Exporter
[   99s] cycle: perl-Carp -> perl-Exporter
[   99s]   breaking dependency perl-Exporter -> perl-Carp
[   99s] cycle: nss-util -> nss
[   99s]   breaking dependency nss -> nss-util
[   99s] cycle: nss-softokn -> nss-util -> nss
[   99s]   breaking dependency nss -> nss-softokn
[   99s] cycle: systemd -> cryptsetup -> device-mapper
[   99s]   breaking dependency systemd -> cryptsetup
[   99s] cycle: audit -> systemd -> pam
[   99s]   breaking dependency systemd -> pam
[   99s] [1/84] preinstalling dbus...
[  101s] [2/84] preinstalling libffi-devel...
[  102s] [3/84] preinstalling nodejs-source-map...
[  103s] [4/84] preinstalling python3-pip...
[  107s] [5/84] preinstalling python3-setuptools_scm...
[  108s] [6/84] preinstalling filesystem...
[  113s] [7/84] preinstalling glibc...
[  117s] [8/84] preinstalling libgcc...
[  119s] [9/84] preinstalling diffutils...
[  120s] [10/84] preinstalling libcap-ng...
[  121s] [11/84] preinstalling libgpg-error...
[  123s] [12/84] preinstalling libpcap...
[  124s] [13/84] preinstalling libsmartcols...
[  125s] [14/84] preinstalling libuuid...
[  126s] [15/84] preinstalling libxcrypt...
[  127s] [16/84] preinstalling lz4...
[  128s] [17/84] preinstalling m4...
[  130s] [18/84] preinstalling ncurses-libs...
[  132s] [19/84] preinstalling nspr...
[  132s] [20/84] preinstalling xz-libs...
[  134s] [21/84] preinstalling zlib...
[  136s] [22/84] preinstalling attr...
[  137s] [23/84] preinstalling libdb...
[  142s] [24/84] preinstalling zstd...
[  144s] [25/84] preinstalling audit-libs...
[  145s] [26/84] preinstalling file...
[  147s] [27/84] preinstalling iptables-libs...
[  147s] [28/84] preinstalling libacl...
[  148s] [29/84] preinstalling libgcrypt...
[  150s] [30/84] preinstalling openssl-libs...
[  152s] [31/84] preinstalling readline...
[  153s] [32/84] preinstalling ncurses...
[  160s] [33/84] preinstalling cmake...
[  175s] [34/84] preinstalling perl-libs...
[  179s] [35/84] preinstalling pcre2...
[  181s] [36/84] preinstalling perl-Exporter...
[  182s] [37/84] preinstalling pcre...
[  184s] [38/84] preinstalling acl...
[  185s] [39/84] preinstalling sqlite...
[  187s] [40/84] preinstalling libselinux...
[  188s] [41/84] preinstalling perl-Carp...
[  189s] [42/84] preinstalling perl-Digest-MD5...
[  191s] [43/84] preinstalling sed...
[  192s] [44/84] preinstalling coreutils...
[  198s] [45/84] preinstalling bash...
[  201s] [46/84] preinstalling openssl...
[  203s] [47/84] preinstalling dnf...
[  204s] [48/84] preinstalling bzip2...
[  206s] [49/84] preinstalling elfutils...
[  208s] [50/84] preinstalling hostname...
[  209s] [51/84] preinstalling libcap...
[  210s] [52/84] preinstalling popt...
[  211s] [53/84] preinstalling grep...
[  212s] [54/84] preinstalling libblkid...
[  214s] [55/84] preinstalling perl-constant...
[  215s] [56/84] preinstalling tar...
[  217s] [57/84] preinstalling info...
[  219s] [58/84] preinstalling libgcrypt-devel...
[  220s] [59/84] preinstalling lua...
[  221s] [60/84] preinstalling nss...
[  223s] [61/84] preinstalling chkconfig...
[  224s] [62/84] preinstalling copy-jdk-configs...
[  225s] [63/84] preinstalling libfdisk...
[  226s] [64/84] preinstalling libmount...
[  228s] [65/84] preinstalling libsemanage...
[  228s] [66/84] preinstalling nss-util...
[  231s] [67/84] preinstalling findutils...
[  232s] [68/84] preinstalling perl-Getopt-Long...
[  234s] [69/84] preinstalling xz...
[  235s] [70/84] preinstalling perl-Data-Dumper...
[  236s] [71/84] preinstalling systemd-libs...
[  237s] [72/84] preinstalling rpm-libs...
[  239s] [73/84] preinstalling dbus-libs...
[  241s] [74/84] preinstalling nss-softokn...
[  243s] [75/84] preinstalling glib2...
[  249s] [76/84] preinstalling systemd...
[  254s] [77/84] preinstalling audit...
[  255s] [78/84] preinstalling rpm...
[  257s] [79/84] preinstalling openEuler-rpm-config...
[  258s] [80/84] preinstalling pam...
[  261s] [81/84] preinstalling util-linux...
[  266s] [82/84] preinstalling device-mapper...
[  268s] [83/84] preinstalling cryptsetup...
[  270s] [84/84] preinstalling lvm2...
[  273s] 
[  276s] initializing rpm db...
[  290s] reordering...cycle: coreutils -> bash
[  290s]   breaking dependency coreutils -> bash
[  290s] cycle: coreutils -> info
[  290s]   breaking dependency coreutils -> info
[  290s] cycle: glibc -> basesystem -> filesystem -> coreutils -> gmp
[  290s]   breaking dependency coreutils -> gmp
[  290s] cycle: glibc -> basesystem -> filesystem -> coreutils
[  290s]   breaking dependency coreutils -> glibc
[  290s] cycle: glibc -> basesystem -> filesystem -> coreutils -> libacl
[  290s]   breaking dependency coreutils -> libacl
[  290s] cycle: glibc -> basesystem -> filesystem -> coreutils -> attr
[  290s]   breaking dependency coreutils -> attr
[  290s] cycle: coreutils -> libcap
[  290s]   breaking dependency coreutils -> libcap
[  290s] cycle: glibc -> basesystem -> filesystem -> coreutils -> openssl-libs
[  290s]   breaking dependency openssl-libs -> glibc
[  290s] cycle: coreutils -> openssl-libs -> ca-certificates
[  290s]   breaking dependency ca-certificates -> coreutils
[  290s] cycle: coreutils -> openssl-libs -> ca-certificates -> bash
[  290s]   breaking dependency ca-certificates -> bash
[  290s] cycle: coreutils -> openssl-libs -> ca-certificates -> grep
[  290s]   breaking dependency grep -> coreutils
[  290s] cycle: coreutils -> openssl-libs -> ca-certificates -> grep -> bash
[  290s]   breaking dependency ca-certificates -> grep
[  290s] cycle: glibc -> basesystem -> filesystem -> coreutils -> openssl-libs -> ca-certificates -> p11-kit
[  290s]   breaking dependency p11-kit -> glibc
[  290s] cycle: glibc -> basesystem -> filesystem -> coreutils -> openssl-libs -> ca-certificates -> p11-kit -> libffi
[  290s]   breaking dependency openssl-libs -> ca-certificates
[  290s] cycle: coreutils -> openssl-libs -> crypto-policies -> bash
[  290s]   breaking dependency crypto-policies -> bash
[  290s] cycle: coreutils -> openssl-libs -> crypto-policies
[  290s]   breaking dependency crypto-policies -> coreutils
[  290s] cycle: coreutils -> openssl-libs -> crypto-policies -> grep -> bash
[  290s]   breaking dependency bash -> coreutils
[  290s] cycle: filesystem -> coreutils -> openssl-libs -> crypto-policies -> grep -> bash
[  290s]   breaking dependency grep -> bash
[  290s] cycle: glibc -> basesystem -> filesystem -> coreutils -> openssl-libs -> crypto-policies -> grep
[  290s]   breaking dependency glibc -> basesystem
[  290s] cycle: glibc -> glibc-common -> bash -> filesystem -> coreutils -> openssl-libs -> crypto-policies -> grep
[  290s]   breaking dependency glibc-common -> bash
[  290s] cycle: glibc -> glibc-common -> coreutils -> openssl-libs -> crypto-policies -> grep
[  290s]   breaking dependency glibc-common -> coreutils
[  290s] cycle: glibc -> glibc-common
[  290s]   breaking dependency glibc-common -> glibc
[  290s] cycle: glibc -> glibc-common -> libselinux
[  290s]   breaking dependency libselinux -> glibc
[  290s] cycle: glibc -> glibc-common -> libselinux -> pcre2
[  290s]   breaking dependency pcre2 -> glibc
[  290s] cycle: glibc -> glibc-common -> libselinux -> pcre2 -> readline
[  290s]   breaking dependency readline -> glibc
[  290s] cycle: glibc -> glibc-common -> libselinux -> pcre2 -> readline -> ncurses-libs
[  290s]   breaking dependency libselinux -> pcre2
[  290s] cycle: glibc -> glibc-common -> libselinux -> libsepol -> coreutils -> openssl-libs -> crypto-policies -> grep
[  290s]   breaking dependency libsepol -> coreutils
[  290s] cycle: glibc -> glibc-common -> libselinux -> libsepol -> bash -> filesystem -> coreutils -> openssl-libs -> crypto-policies -> grep
[  290s]   breaking dependency filesystem -> coreutils
[  290s] cycle: bash -> filesystem
[  290s]   breaking dependency filesystem -> bash
[  290s] cycle: filesystem -> setup
[  290s]   breaking dependency filesystem -> setup
[  290s] cycle: glibc -> glibc-common -> libselinux -> libsepol -> bash
[  290s]   breaking dependency bash -> glibc
[  290s] cycle: glibc -> glibc-common -> libselinux -> libsepol -> bash -> ncurses-libs
[  290s]   breaking dependency libsepol -> bash
[  290s] cycle: glibc -> glibc-common -> libselinux -> libsepol
[  290s]   breaking dependency glibc -> glibc-common
[  290s] cycle: systemd -> cryptsetup -> device-mapper
[  290s]   breaking dependency systemd -> cryptsetup
[  290s] cycle: perl-libs -> perl-Carp
[  290s]   breaking dependency perl-libs -> perl-Carp
[  290s] cycle: perl-libs -> perl-Exporter
[  290s]   breaking dependency perl-libs -> perl-Exporter
[  290s] cycle: perl-Carp -> perl-Exporter
[  290s]   breaking dependency perl-Exporter -> perl-Carp
[  290s] cycle: perl -> perl-PathTools
[  290s]   breaking dependency perl -> perl-PathTools
[  290s] cycle: perl -> perl-ExtUtils-MakeMaker
[  290s]   breaking dependency perl -> perl-ExtUtils-MakeMaker
[  290s] cycle: perl -> perl-File-Path -> perl-PathTools
[  290s]   breaking dependency perl -> perl-File-Path
[  290s] cycle: perl -> perl-Getopt-Long -> perl-Pod-Usage
[  290s]   breaking dependency perl -> perl-Getopt-Long
[  290s] cycle: perl -> perl-Locale-Maketext
[  290s]   breaking dependency perl -> perl-Locale-Maketext
[  290s] cycle: perl -> perl-Pod-Simple
[  290s]   breaking dependency perl -> perl-Pod-Simple
[  290s] cycle: perl -> perl-Socket
[  290s]   breaking dependency perl -> perl-Socket
[  290s] cycle: perl -> perl-Storable
[  290s]   breaking dependency perl -> perl-Storable
[  290s] cycle: perl -> perl-Text-Tabs+Wrap
[  290s]   breaking dependency perl -> perl-Text-Tabs+Wrap
[  290s] cycle: perl -> perl-Time-Local -> perl-constant
[  290s]   breaking dependency perl -> perl-Time-Local
[  290s] cycle: perl -> perl-constant
[  290s]   breaking dependency perl -> perl-constant
[  290s] cycle: perl -> perl-threads
[  290s]   breaking dependency perl -> perl-threads
[  290s] cycle: perl -> perl-threads-shared
[  290s]   breaking dependency perl -> perl-threads-shared
[  290s] cycle: perl -> perl-Archive-Tar
[  290s]   breaking dependency perl -> perl-Archive-Tar
[  290s] cycle: perl -> perl-B-Debug
[  290s]   breaking dependency perl -> perl-B-Debug
[  290s] cycle: perl -> perl-CPAN-Meta -> perl-CPAN-Meta-Requirements
[  290s]   breaking dependency perl -> perl-CPAN-Meta
[  290s] cycle: perl -> perl-CPAN-Meta-Requirements
[  290s]   breaking dependency perl -> perl-CPAN-Meta-Requirements
[  290s] cycle: perl -> perl-CPAN-Meta-YAML
[  290s]   breaking dependency perl -> perl-CPAN-Meta-YAML
[  290s] cycle: perl -> perl-Compress-Raw-Bzip2
[  290s]   breaking dependency perl -> perl-Compress-Raw-Bzip2
[  290s] cycle: perl -> perl-Compress-Raw-Zlib
[  290s]   breaking dependency perl -> perl-Compress-Raw-Zlib
[  290s] cycle: perl -> perl-Config-Perl-V
[  290s]   breaking dependency perl -> perl-Config-Perl-V
[  290s] cycle: perl -> perl-DB_File
[  290s]   breaking dependency perl -> perl-DB_File
[  290s] cycle: perl -> perl-Data-Dumper
[  290s]   breaking dependency perl -> perl-Data-Dumper
[  290s] cycle: perl -> perl-Devel-PPPort
[  290s]   breaking dependency perl -> perl-Devel-PPPort
[  290s] cycle: perl -> perl-Digest -> perl-MIME-Base64
[  290s]   breaking dependency perl -> perl-Digest
[  290s] cycle: perl -> perl-Digest-MD5 -> perl-Digest -> perl-MIME-Base64
[  290s]   breaking dependency perl -> perl-Digest-MD5
[  290s] cycle: perl -> perl-Digest-SHA
[  290s]   breaking dependency perl -> perl-Digest-SHA
[  290s] cycle: perl -> perl-Encode
[  290s]   breaking dependency perl -> perl-Encode
[  290s] cycle: perl -> perl-Env
[  290s]   breaking dependency perl -> perl-Env
[  290s] cycle: perl -> perl-ExtUtils-Command
[  290s]   breaking dependency perl -> perl-ExtUtils-Command
[  290s] cycle: perl -> perl-ExtUtils-Install
[  290s]   breaking dependency perl -> perl-ExtUtils-Install
[  290s] cycle: perl -> perl-ExtUtils-Manifest
[  290s]   breaking dependency perl -> perl-ExtUtils-Manifest
[  290s] cycle: perl -> perl-ExtUtils-ParseXS
[  290s]   breaking dependency perl -> perl-ExtUtils-ParseXS
[  290s] cycle: perl -> perl-File-Fetch -> perl-PathTools
[  290s]   breaking dependency perl -> perl-File-Fetch
[  290s] cycle: perl -> perl-File-Temp -> perl-PathTools
[  290s]   breaking dependency perl -> perl-File-Temp
[  290s] cycle: perl -> perl-Filter
[  290s]   breaking dependency perl -> perl-Filter
[  290s] cycle: perl -> perl-Filter-Simple -> perl-Filter
[  290s]   breaking dependency perl -> perl-Filter-Simple
[  290s] cycle: perl -> perl-HTTP-Tiny
[  290s]   breaking dependency perl -> perl-HTTP-Tiny
[  290s] cycle: perl -> perl-IO-Compress
[  290s]   breaking dependency perl -> perl-IO-Compress
[  290s] cycle: perl -> perl-IO-Socket-IP
[  290s]   breaking dependency perl -> perl-IO-Socket-IP
[  290s] cycle: perl -> perl-IPC-Cmd -> perl-ExtUtils-MakeMaker
[  290s]   breaking dependency perl -> perl-IPC-Cmd
[  290s] cycle: perl -> perl-IPC-SysV
[  290s]   breaking dependency perl -> perl-IPC-SysV
[  290s] cycle: perl -> perl-JSON-PP
[  290s]   breaking dependency perl -> perl-JSON-PP
[  290s] cycle: perl -> perl-Locale-Codes -> perl-constant
[  290s]   breaking dependency perl -> perl-Locale-Codes
[  290s] cycle: perl -> perl-MIME-Base64
[  290s]   breaking dependency perl -> perl-MIME-Base64
[  290s] cycle: perl -> perl-Math-BigInt
[  290s]   breaking dependency perl -> perl-Math-BigInt
[  290s] cycle: perl -> perl-Math-BigInt-FastCalc -> perl-Math-BigInt
[  290s]   breaking dependency perl -> perl-Math-BigInt-FastCalc
[  290s] cycle: perl -> perl-Math-BigRat -> perl-Math-BigInt
[  290s]   breaking dependency perl -> perl-Math-BigRat
[  290s] cycle: perl -> perl-Module-CoreList
[  290s]   breaking dependency perl -> perl-Module-CoreList
[  290s] cycle: perl -> perl-Module-Load -> perl-PathTools
[  290s]   breaking dependency perl -> perl-Module-Load
[  290s] cycle: perl -> perl-Module-Load-Conditional
[  290s]   breaking dependency perl -> perl-Module-Load-Conditional
[  290s] cycle: perl -> perl-Module-Metadata
[  290s]   breaking dependency perl -> perl-Module-Metadata
[  290s] cycle: perl -> perl-Params-Check
[  290s]   breaking dependency perl -> perl-Params-Check
[  290s] cycle: perl -> perl-PerlIO-via-QuotedPrint -> perl-MIME-Base64
[  290s]   breaking dependency perl -> perl-PerlIO-via-QuotedPrint
[  290s] cycle: perl -> perl-Pod-Checker
[  290s]   breaking dependency perl -> perl-Pod-Checker
[  290s] cycle: perl -> perl-Pod-Escapes
[  290s]   breaking dependency perl -> perl-Pod-Escapes
[  290s] cycle: perl -> perl-Pod-Parser
[  290s]   breaking dependency perl -> perl-Pod-Parser
[  290s] cycle: perl -> perl-Pod-Perldoc
[  290s]   breaking dependency perl -> perl-Pod-Perldoc
[  290s] cycle: perl -> perl-Pod-Usage
[  290s]   breaking dependency perl -> perl-Pod-Usage
[  290s] cycle: perl -> perl-Sys-Syslog
[  290s]   breaking dependency perl -> perl-Sys-Syslog
[  290s] cycle: perl -> perl-Term-Cap
[  290s]   breaking dependency perl -> perl-Term-Cap
[  290s] cycle: perl -> perl-Test-Harness
[  290s]   breaking dependency perl -> perl-Test-Harness
[  290s] cycle: perl -> perl-Test-Simple
[  290s]   breaking dependency perl -> perl-Test-Simple
[  290s] cycle: perl -> perl-Text-Balanced
[  290s]   breaking dependency perl -> perl-Text-Balanced
[  290s] cycle: perl -> perl-Thread-Queue -> perl-threads-shared
[  290s]   breaking dependency perl -> perl-Thread-Queue
[  290s] cycle: perl -> perl-Unicode-Collate -> perl-PathTools
[  290s]   breaking dependency perl -> perl-Unicode-Collate
[  290s] cycle: perl -> perl-autodie
[  290s]   breaking dependency perl -> perl-autodie
[  290s] cycle: perl -> perl-bignum -> perl-Math-BigInt
[  290s]   breaking dependency perl -> perl-bignum
[  290s] cycle: perl -> perl-devel
[  290s]   breaking dependency perl -> perl-devel
[  290s] cycle: perl -> perl-Encode-devel
[  290s]   breaking dependency perl -> perl-Encode-devel
[  290s] cycle: perl -> perl-experimental
[  290s]   breaking dependency perl -> perl-experimental
[  290s] cycle: perl -> perl-libnet -> perl-Digest-MD5 -> perl-Digest -> perl-MIME-Base64
[  290s]   breaking dependency perl -> perl-libnet
[  290s] cycle: perl -> perl-podlators
[  290s]   breaking dependency perl -> perl-podlators
[  290s] cycle: perl -> perl-version
[  290s]   breaking dependency perl -> perl-version
[  290s] cycle: glib2 -> gamin
[  290s]   breaking dependency glib2 -> gamin
[  290s] cycle: systemd -> gnutls -> unbound-libs -> shadow -> pam -> audit
[  290s]   breaking dependency systemd -> gnutls
[  290s] cycle: systemd -> pam -> audit
[  290s]   breaking dependency systemd -> pam
[  290s] cycle: systemd -> shadow -> pam -> audit
[  290s]   breaking dependency systemd -> shadow
[  290s] cycle: pam -> libpwquality
[  290s]   breaking dependency pam -> libpwquality
[  290s] cycle: perl-Getopt-Long -> perl-Pod-Usage
[  290s]   breaking dependency perl-Pod-Usage -> perl-Getopt-Long
[  290s] cycle: perl-Getopt-Long -> perl-Pod-Usage -> perl-podlators -> perl-Encode
[  290s]   breaking dependency perl-podlators -> perl-Encode
[  290s] cycle: perl-Getopt-Long -> perl-Pod-Usage -> perl-podlators
[  290s]   breaking dependency perl-podlators -> perl-Getopt-Long
[  290s] cycle: perl-Getopt-Long -> perl-Pod-Usage -> perl-podlators -> perl-Pod-Simple -> perl-Encode
[  290s]   breaking dependency perl-Encode -> perl-Getopt-Long
[  290s] cycle: perl-Getopt-Long -> perl-Pod-Usage -> perl-podlators -> perl-Pod-Simple
[  290s]   breaking dependency perl-podlators -> perl-Pod-Simple
[  290s] cycle: perl-Pod-Usage -> perl-podlators
[  290s]   breaking dependency perl-podlators -> perl-Pod-Usage
[  290s] cycle: groff -> perl-Getopt-Long -> perl-Pod-Usage -> perl-Pod-Perldoc
[  290s]   breaking dependency groff -> perl-Getopt-Long
[  290s] cycle: libxcrypt-devel -> glibc-devel
[  290s]   breaking dependency glibc-devel -> libxcrypt-devel
[  290s] cycle: cmake-data -> cmake
[  290s]   breaking dependency cmake -> cmake-data
[  290s] cycle: nss-util -> nss
[  290s]   breaking dependency nss -> nss-util
[  290s] cycle: nss-softokn -> nss-util -> nss
[  290s]   breaking dependency nss -> nss-softokn
[  290s] cycle: perl-Getopt-Long -> perl-Pod-Usage -> perl-Pod-Perldoc -> perl-Pod-Simple
[  290s]   breaking dependency perl-Pod-Perldoc -> perl-Pod-Simple
[  290s] cycle: openssh -> openssh-server
[  290s]   breaking dependency openssh-server -> openssh
[  290s] cycle: git -> perl-Git
[  290s]   breaking dependency git -> perl-Git
[  290s] cycle: perl-ExtUtils-Install -> perl-ExtUtils-MakeMaker
[  290s]   breaking dependency perl-ExtUtils-MakeMaker -> perl-ExtUtils-Install
[  291s] done
[  291s] querying package ids...
[  336s] [1/360] installing cmake-filesystem-3.22.0-1.oe1
[  337s] [2/360] installing fonts-filesystem-2.0.2-2.oe1
[  339s] [3/360] installing fuse-common-3.9.2-5.oe1
[  340s] [4/360] installing kernel-headers-5.10-3.oe1
[  350s] [5/360] installing libreport-filesystem-2.13.1-5.oe1
[  351s] [6/360] installing ncurses-base-6.1-14.oe1
[  354s] [7/360] installing openEuler-gpg-keys-1.0-2.5.oe1
[  355s] [8/360] installing python-setuptools-59.4.0-3.oe1
[  356s] [9/360] installing qt5-srpm-macros-5.15.2-1.oe1
[  357s] [10/360] installing tzdata-2021a-2.oe1
[  367s] [11/360] installing dnf-data-4.10.0-1.oe1
[  368s] [12/360] installing openEuler-repos-1.0-2.5.oe1
[  369s] [13/360] installing wqy-zenhei-fonts-0.9.46-21.oe1
[  376s] [14/360] installing openEuler-release-20.03LTS-40.oe1
[  377s] [15/360] installing filesystem-3.9-3.oe1
[  391s] warning: group mail does not exist - using root
[  391s] [16/360] installing emacs-filesystem-1:27.1-5.oe1
[  392s] [17/360] installing libgcc-10.3.1-20220105.6.oe1
[  393s] [18/360] installing setup-2.13.3-4.oe1
[  394s] [19/360] installing glibc-2.34-64.oe1
[  400s] [20/360] installing brotli-1.0.9-2.oe1
[  401s] [21/360] installing chrpath-0.16-12.oe1
[  402s] [22/360] installing cpio-2.13-4.oe1
[  403s] [23/360] installing diffutils-3.7-4.oe1
[  405s] [24/360] installing expat-2.2.10-1.oe1
[  406s] [25/360] installing json-c-0.15-1.oe1
[  407s] [26/360] installing keyutils-libs-1.6.3-3.oe1
[  408s] [27/360] installing libICE-1.0.10-2.oe1
[  409s] [28/360] installing libXau-1.0.9-2.oe1
[  410s] [29/360] installing libaio-0.3.112-1.oe1
[  411s] [30/360] installing libargon2-20190702-1.oe1
[  412s] [31/360] installing libatomic-10.3.1-20220105.6.oe1
[  413s] [32/360] installing libcap-ng-0.7.11-1.oe1
[  414s] [33/360] installing libev-4.24-11.oe1
[  415s] [34/360] installing libffi-3.3-31.oe1
[  416s] [35/360] installing libgomp-10.3.1-20220105.6.oe1
[  416s] [36/360] installing libgpg-error-1.41-1.oe1
[  418s] [37/360] installing libnghttp2-1.42.0-1.oe1
[  419s] [38/360] installing libpcap-14:1.9.1-7.oe1
[  420s] [39/360] installing libpipeline-1.5.3-1.oe1
[  421s] [40/360] installing libsigsegv-2.11-10.oe1
[  423s] [41/360] installing libsmartcols-2.36.1-3.oe1
[  425s] [42/360] installing libtasn1-4.16.0-2.oe1
[  427s] [43/360] installing libtool-ltdl-2.4.6-34.oe1
[  428s] [44/360] installing libunistring-0.9.10-8.oe1
[  430s] [45/360] installing libuuid-2.36.1-3.oe1
[  433s] [46/360] installing libuv-1:1.40.0-1.oe1
[  434s] [47/360] installing libxcrypt-4.4.8-4.oe1
[  436s] [48/360] installing libyaml-0.2.5-1.oe1
[  437s] [49/360] installing lz4-1.9.3-1.oe1
[  439s] [50/360] installing m4-1.4.18-14.oe1
[  441s] [51/360] installing nspr-4.32.0-1.oe1
[  442s] [52/360] installing pkgconf-1.7.3-1.oe1
[  444s] [53/360] installing rhash-1.3.5-5.oe1
[  446s] [54/360] installing which-2.21-14.oe1
[  447s] [55/360] installing xz-libs-5.2.5-1.oe1
[  448s] [56/360] installing zlib-1.2.11-18.oe1
[  450s] [57/360] installing attr-2.4.48-12.oe1
[  452s] [58/360] installing basesystem-12-2.oe1
[  453s] [59/360] installing libstdc++-10.3.1-20220105.6.oe1
[  455s] [60/360] installing ncurses-libs-6.1-14.oe1
[  457s] [61/360] installing libsepol-3.1-4.oe1
[  459s] [62/360] installing libstdc++-devel-10.3.1-20220105.6.oe1
[  471s] [63/360] installing audit-libs-1:3.0-2.oe1
[  473s] [64/360] installing elfutils-libelf-0.185-3.oe1
[  475s] [65/360] installing file-libs-5.39-6.oe1
[  478s] [66/360] installing gmp-1:6.2.1-3.oe1
[  481s] [67/360] installing iptables-libs-1.8.1-4.oe1
[  482s] [68/360] installing less-563-2.oe1
[  484s] [69/360] installing libacl-2.2.53-7.oe1
[  486s] [70/360] installing libassuan-2.5.4-1.oe1
[  487s] [71/360] installing libedit-3.1-27.oe1
[  488s] [72/360] installing libffi-devel-3.3-31.oe1
[  490s] [73/360] installing libgcrypt-1.8.7-1.oe1
[  491s] [74/360] installing libpng-2:1.6.37-1.oe1
[  494s] [75/360] installing libxcb-1.14-1.oe1
[  496s] [76/360] installing readline-8.0-2.oe1
[  497s] [77/360] installing fuse-2.9.9-6.oe1
[  498s] [78/360] installing gc-8.0.4-2.oe1
[  500s] [79/360] installing libSM-1.2.3-2.oe1
[  501s] [80/360] installing libdb-5.3.28-35.oe1
[  504s] [81/360] installing libselinux-3.1-3.oe1
[  506s] [82/360] installing libxml2-2.9.12-5.oe1
[  508s] [83/360] installing bash-5.1-1.oe1
[  512s] [84/360] installing perl-libs-4:5.28.0-435.oe1
[  520s] [85/360] installing zstd-1.4.8-2.oe1
[  523s] [86/360] installing ncurses-6.1-14.oe1
[  540s] [87/360] installing thin-provisioning-tools-0.8.5-1.oe1
[  542s] [88/360] installing perl-parent-1:0.237-4.oe1
[  543s] [89/360] installing perl-perlfaq-5.20180915-5.oe1
[  545s] [90/360] installing libX11-1.6.9-2.oe1
[  549s] [91/360] installing mpfr-4.1.0-1.oe1
[  552s] [92/360] installing nettle-3.6-6.oe1
[  554s] [93/360] installing pcre2-10.36-1.oe1
[  557s] [94/360] installing perl-Exporter-5.74-1.oe1
[  558s] [95/360] installing file-5.39-6.oe1
[  560s] [96/360] installing gdbm-1:1.18.1-1.oe1
[  562s] [97/360] installing patch-2.7.6-12.oe1
[  563s] [98/360] installing qrencode-4.1.1-1
[  565s] [99/360] installing sed-4.8-2.oe1
[  567s] [100/360] installing acl-2.2.53-7.oe1
[  569s] [101/360] installing libcomps-0.1.15-1.oe1
[  571s] [102/360] installing pcre-8.44-1.oe1
[  573s] [103/360] installing glibc-common-2.34-64.oe1
[  589s] [104/360] installing crontabs-1.11-21.oe1
[  590s] [105/360] installing libXext-1.3.4-2.oe1
[  593s] [106/360] installing libXpm-3.5.12-11.oe1
[  595s] [107/360] installing libXrender-0.9.10-10.oe1
[  596s] [108/360] installing perl-Carp-1.50-418.oe1
[  598s] [109/360] installing perl-Perl-OSType-1.010-421.oe1
[  599s] [110/360] installing perl-Term-ANSIColor-4.06-511.oe1
[  601s] [111/360] installing libmpc-1.2.0-2.oe1
[  602s] [112/360] installing grep-3.6-1.oe1
[  605s] [113/360] installing libXt-1.2.0-0.oe1
[  606s] [114/360] installing gawk-5.0.1-2.oe1
[  609s] [115/360] installing perl-Text-ParseWords-3.30-419.oe1
[  611s] [116/360] installing crypto-policies-20180925-3.git71ca85f.oe1
[  617s] [117/360] installing libXmu-1.1.3-1.oe1
[  618s] [118/360] installing cpp-10.3.1-20220105.6.oe1
[  627s] [119/360] installing openssl-libs-1:1.1.1f-2.oe1
[  629s] [120/360] installing libXaw-1.0.13-13.oe1
[  631s] [121/360] installing ima-evm-utils-libs-1.2.1-8.oe1
[  633s] [122/360] installing libevent-2.1.12-4
[  635s] [123/360] installing kmod-libs-27-4.oe1
[  636s] [124/360] installing kmod-27-4.oe1
[  638s] [125/360] installing nodejs-libs-1:16.10.0-1.oe1
[  670s] [126/360] installing coreutils-8.31-4.oe1
[  676s] [127/360] installing elfutils-default-yama-scope-0.185-3.oe1
[  677s] /usr/lib/systemd/systemd-sysctl: error while loading shared libraries: libseccomp.so.2: cannot open shared object file: No such file or directory
[  677s] [128/360] installing publicsuffix-list-20200718-1.oe1
[  679s] [129/360] installing uname-build-checks-1.0-0.4.oe1
[  680s] [130/360] installing bzip2-1.0.8-3.oe1
[  682s] [131/360] installing gzip-1.10-1.oe1
[  684s] [132/360] installing hostname-3.21-2.oe1
[  685s] [133/360] installing libcap-2.32-2.oe1
[  687s] [134/360] installing libseccomp-2.4.3-2.oe1
[  689s] [135/360] installing npth-1.5-7.oe1
[  691s] [136/360] installing popt-1.18-1.oe1
[  693s] [137/360] installing fipscheck-1.5.0-7.oe1
[  695s] [138/360] installing libblkid-2.36.1-3.oe1
[  697s] [139/360] installing libidn2-2.3.0-1.oe1
[  699s] [140/360] installing libksba-1.3.5-12.oe1
[  701s] [141/360] installing tar-2:1.32-3.oe1
[  703s] [142/360] installing tcl-1:8.6.10-3.oe1
[  709s] [143/360] installing info-6.7-2.oe1
[  710s] [144/360] installing jsoncpp-1.9.4-1.oe1
[  712s] [145/360] installing libgpg-error-devel-1.41-1.oe1
[  713s] [146/360] installing lua-5.3.5-6.oe1
[  715s] [147/360] installing slang-2.3.2-8.oe1
[  718s] [148/360] installing xz-5.2.5-1.oe1
[  720s] [149/360] installing perl-Scalar-List-Utils-3:1.52-2.oe1
[  721s] [150/360] installing perl-Time-HiRes-1.9760-2.oe1
[  723s] [151/360] installing perl-Unicode-Normalize-1.26-419.oe1
[  725s] [152/360] installing systemd-libs-243-22.oe1
[  727s] [153/360] installing guile-5:2.0.14-15.oe1
[  735s] [154/360] installing dbus-libs-1:1.12.20-3.oe1
[  737s] [155/360] installing zip-3.0-29.oe1
[  738s] [156/360] installing libfdisk-2.36.1-3.oe1
[  740s] [157/360] installing newt-0.52.21-4.oe1
[  744s] [158/360] installing p11-kit-0.23.22-1.oe1
[  747s] [159/360] installing procps-ng-3.3.16-15.oe1
[  749s] [160/360] installing elfutils-libs-0.185-3.oe1
[  751s] [161/360] installing libmount-2.36.1-3.oe1
[  754s] [162/360] installing lua-posix-33.3.1-12.oe1
[  756s] [163/360] installing unzip-6.0-47.oe1
[  757s] [164/360] installing cracklib-2.9.7-6.oe1
[  762s] [165/360] installing e2fsprogs-1.45.6-3.oe1
[  765s] [166/360] installing findutils-2:4.7.0-7.oe1
[  768s] [167/360] installing libsemanage-3.1-4.oe1
[  770s] [168/360] installing make-1:4.2.1-15.oe1
[  772s] [169/360] installing sqlite-3.24.0-9.oe1
[  775s] [170/360] installing logrotate-3.15.1-2.oe1
[  776s] [171/360] installing freetype-2.10.2-3.oe1
[  779s] [172/360] installing glibc-devel-2.34-64.oe1
[  788s] [173/360] installing libgcrypt-devel-1.8.7-1.oe1
[  790s] [174/360] installing gnupg2-2.2.27-2.oe1
[  794s] [175/360] installing libarchive-3.5.1-1.oe1
[  796s] [176/360] installing dbus-tools-1:1.12.20-3.oe1
[  797s] [177/360] installing libxcrypt-devel-4.4.8-4.oe1
[  799s] [178/360] installing copy-jdk-configs-4.0-1.oe1
[  801s] [179/360] installing gpgme-1.15.1-1.oe1
[  803s] [180/360] installing obs-env-1.0-5.oe1
[  809s] [181/360] installing chkconfig-1.14-2.oe1
[  812s] [182/360] installing elfutils-0.185-3.oe1
[  814s] [183/360] installing fontconfig-2.13.92-1.oe1
[  819s] [184/360] installing glib2-2.66.8-1.oe1
[  825s] [185/360] installing rpm-libs-4.15.1-25.oe1
[  827s] [186/360] installing libcroco-0.6.12-13.oe1
[  830s] [187/360] installing gamin-0.1.10-38.oe1
[  832s] [188/360] installing libsecret-0.18.6-5.oe1
[  834s] [189/360] installing libverto-0.3.1-2.oe1
[  835s] [190/360] installing libXft-2.3.3-1.oe1
[  837s] [191/360] installing libmodulemd-2.13.0-1.oe1
[  839s] [192/360] installing binutils-2.37-6.oe1
[  848s] [193/360] installing p11-kit-trust-0.23.22-1.oe1
[  850s] [194/360] installing babeltrace-1.5.8-1.oe1
[  853s] [195/360] installing ca-certificates-2020.2.46-2.oe1
[  862s] [196/360] installing tk-1:8.6.10-2.oe1
[  868s] [197/360] installing gettext-0.20.1-2.oe1
[  873s] [198/360] installing krb5-libs-1.18.2-3.oe1
[  876s] [199/360] installing gcc-10.3.1-20220105.6.oe1
[  903s] [200/360] installing python-pip-wheel-19.2.3-2.fc32
[  904s] [201/360] installing libtirpc-1.3.1-1.oe1
[  906s] [202/360] installing cyrus-sasl-lib-2.1.27-10.oe1
[  909s] [203/360] installing libssh-0.9.5-1.oe1
[  913s] [204/360] installing gcc-c++-10.3.1-20220105.6.oe1
[  925s] [205/360] installing openldap-2.4.46-15.oe1
[  927s] [206/360] installing libnsl2-1.3.0-2.oe1
[  929s] [207/360] installing python3-3.8.5-13.oe1
[  958s] [208/360] installing python3-attrs-19.3.0-1.fc32
[  961s] [209/360] installing python3-docutils-0.15.2-3.fc32
[  967s] [210/360] installing python3-more-itertools-7.2.0-3.fc32
[  970s] [211/360] installing python3-pluggy-0.12.0-4.fc32
[  972s] [212/360] installing python3-pyparsing-2.4.5-1.fc32
[  975s] [213/360] installing python3-setuptools-59.4.0-3.oe1
[  982s] [214/360] installing python3-setuptools_scm-3.3.3-6.fc32
[  984s] [215/360] installing python3-toml-0.10.0-6.fc32
[  987s] [216/360] installing python3-wcwidth-0.1.7-14.fc32
[  989s] [217/360] installing python3-gpgme-1.15.1-1.oe1
[  993s] [218/360] installing python3-libcomps-0.1.15-1.oe1
[  995s] [219/360] installing libpsl-0.21.1-1.oe1
[  998s] [220/360] installing gdb-headless-9.2-5.oe1
[ 1007s] [221/360] installing python3-py-1.8.0-7.fc32
[ 1012s] [222/360] installing systemtap-sdt-devel-4.1-3.oe1
[ 1014s] [223/360] installing gdb-9.2-5.oe1
[ 1016s] [224/360] installing python3-pip-19.2.3-2.fc32
[ 1026s] [225/360] installing python3-rpm-generators-10-2.fc32
[ 1029s] [226/360] installing libcurl-7.79.1-1.oe1
[ 1031s] [227/360] installing curl-7.79.1-1.oe1
[ 1034s] [228/360] installing librepo-1.14.2-2.oe1
[ 1037s] [229/360] installing rpm-4.15.1-25.oe1
[ 1041s] [230/360] installing efi-srpm-macros-4-3.oe1
[ 1044s] [231/360] installing cmake-rpm-macros-3.22.0-1.oe1
[ 1046s] [232/360] installing libsolv-0.7.20-1.oe1
[ 1049s] [233/360] installing python3-rpm-4.15.1-25.oe1
[ 1052s] [234/360] installing openEuler-rpm-config-30-21.oe1
[ 1054s] [235/360] installing cmake-3.22.0-1.oe1
[ 1072s] [236/360] installing libdnf-0.65.0-2.oe1
[ 1075s] [237/360] installing cmake-data-3.22.0-1.oe1
[ 1096s] [238/360] installing python3-devel-3.8.5-13.oe1
[ 1136s] [239/360] installing python3-libdnf-0.65.0-2.oe1
[ 1139s] [240/360] installing perl-4:5.28.0-435.oe1
[ 1147s] [241/360] installing perl-B-Debug-1.26-4.oe1
[ 1148s] [242/360] installing perl-Env-1.04-397.oe1
[ 1150s] [243/360] installing perl-Devel-PPPort-3.42-4.oe1
[ 1152s] [244/360] installing perl-Pod-Escapes-1:1.07-419.oe1
[ 1153s] [245/360] installing perl-Text-Tabs+Wrap-2013.0523-419.oe1
[ 1155s] [246/360] installing perl-Algorithm-Diff-1.1903-14.oe1
[ 1156s] [247/360] installing perl-Params-Check-1:0.38-418.oe1
[ 1158s] [248/360] installing perl-Term-Cap-1.17-510.oe1
[ 1159s] [249/360] installing perl-TermReadKey-2.38-2.oe1
[ 1161s] [250/360] installing perl-Text-Balanced-2.03-420.oe1
[ 1162s] [251/360] installing perl-threads-1:2.22-419.oe1
[ 1164s] [252/360] installing openssl-1:1.1.1f-2.oe1
[ 1166s] [253/360] installing perl-Config-Perl-V-0.30-5.oe1
[ 1167s] [254/360] installing perl-Error-1:0.17029-1.oe1
[ 1169s] [255/360] installing perl-Filter-2:1.59-2.oe1
[ 1171s] [256/360] installing perl-IPC-SysV-2.07-5.oe1
[ 1173s] [257/360] installing perl-Locale-Maketext-1:1.28-1.oe1
[ 1175s] [258/360] installing perl-constant-1.33-421.oe1
[ 1176s] [259/360] installing perl-MIME-Base64-3.15-418.oe1
[ 1178s] [260/360] installing perl-CPAN-Meta-YAML-0.018-420.oe1
[ 1180s] [261/360] installing perl-Socket-4:2.029-2.oe1
[ 1182s] [262/360] installing perl-Storable-1:3.15-2.oe1
[ 1184s] [263/360] installing python3-hawkey-0.65.0-2.oe1
[ 1186s] [264/360] installing perl-PerlIO-via-QuotedPrint-0.08-397.oe1
[ 1188s] [265/360] installing perl-Digest-1.17-419.oe1
[ 1189s] [266/360] installing perl-Filter-Simple-1:0.94-1.oe1
[ 1190s] [267/360] installing perl-IO-Socket-IP-0.39-420.oe1
[ 1192s] [268/360] installing perl-Text-Diff-1.45-7.oe1
[ 1193s] [269/360] installing perl-Time-Local-2:1.280-6.oe1
[ 1194s] [270/360] installing perl-version-8:0.99.24-3.oe1
[ 1198s] [271/360] installing perl-IPC-System-Simple-1.25-19.oe1
[ 1199s] [272/360] installing perl-threads-shared-1.59-2.oe1
[ 1201s] [273/360] installing perl-Compress-Raw-Bzip2-2.100-1.oe1
[ 1203s] [274/360] installing perl-Compress-Raw-Zlib-1:2.100-1.oe1
[ 1205s] [275/360] installing perl-Locale-Codes-3.58-2.oe1
[ 1208s] [276/360] installing perl-Math-BigInt-1:1.9998.13-5.oe1
[ 1210s] [277/360] installing perl-PathTools-3.75-4.oe1
[ 1211s] [278/360] installing python3-dnf-4.10.0-1.oe1
[ 1215s] [279/360] installing perl-Data-Dumper-2.172-3.oe1
[ 1217s] [280/360] installing perl-Sys-Syslog-0.35-420.oe1
[ 1219s] [281/360] installing perl-Encode-4:2.98-9.oe1
[ 1223s] [282/360] installing autogen-5.18.16-1.oe1
[ 1226s] [283/360] installing nodejs-1:16.10.0-1.oe1
[ 1228s] [284/360] installing systemd-243-22.oe1
[ 1243s] /var/tmp/rpm-tmp.xOA6a2: line 8: groupadd: command not found
[ 1243s] /var/tmp/rpm-tmp.xOA6a2: line 10: groupadd: command not found
[ 1243s] /var/tmp/rpm-tmp.xOA6a2: line 13: groupadd: command not found
[ 1243s] /var/tmp/rpm-tmp.xOA6a2: line 16: groupadd: command not found
[ 1243s] [285/360] installing dbus-common-1:1.12.20-3.oe1
[ 1245s] [286/360] installing nodejs-source-map-0.5.6-1.oe1
[ 1247s] [287/360] installing perl-Module-Load-1:0.32-418.oe1
[ 1249s] [288/360] installing nodejs-packaging-20-1.oe1
[ 1251s] [289/360] installing dnf-4.10.0-1.oe1
[ 1254s] Failed to preset unit, unit dnf-automatic.timer does not exist.
[ 1254s] Failed to preset unit, unit dnf-automatic-notifyonly.timer does not exist.
[ 1254s] Failed to preset unit, unit dnf-automatic-download.timer does not exist.
[ 1254s] Failed to preset unit, unit dnf-automatic-install.timer does not exist.
[ 1254s] [290/360] installing perl-File-Which-1.23-1.oe1
[ 1255s] [291/360] installing perl-Thread-Queue-3.13-3.oe1
[ 1257s] [292/360] installing perl-experimental-0.020-2.oe1
[ 1258s] [293/360] installing perl-Digest-MD5-2.55-419.oe1
[ 1260s] [294/360] installing perl-File-Path-2.16-4.oe1
[ 1262s] [295/360] installing perl-Math-BigInt-FastCalc-0.500.700-4.oe1
[ 1264s] [296/360] installing perl-Module-Metadata-1.000036-3.oe1
[ 1265s] [297/360] installing perl-CPAN-Meta-Requirements-2.140-419.oe1
[ 1267s] [298/360] installing perl-Encode-devel-4:2.98-9.oe1
[ 1269s] [299/360] installing perl-HTTP-Tiny-0.076-3.oe1
[ 1270s] [300/360] installing perl-Math-BigRat-0.2614-2.oe1
[ 1272s] [301/360] installing audit-1:3.0-2.oe1
[ 1275s] [302/360] installing perl-DB_File-1.842-2.oe1
[ 1278s] [303/360] installing perl-autodie-2.29-398.oe1
[ 1279s] [304/360] installing perl-Unicode-Collate-1.25-4.oe1
[ 1283s] [305/360] installing perl-IO-Compress-2.081-6.oe1
[ 1284s] [306/360] installing perl-podlators-1:4.14-1.oe1
[ 1286s] [307/360] installing perl-ExtUtils-Command-1:7.60-1.oe1
[ 1287s] [308/360] installing perl-ExtUtils-Manifest-1:1.71-4.oe1
[ 1288s] [309/360] installing perl-bignum-0.50-4.oe1
[ 1290s] [310/360] installing perl-File-Temp-1:0.230.800-4.oe1
[ 1291s] [311/360] installing perl-libnet-3.11-420.oe1
[ 1293s] [312/360] installing pam-1.5.1-1.oe1
[ 1298s] [313/360] installing libpwquality-1.4.4-1.oe1
[ 1300s] [314/360] installing perl-File-HomeDir-1.004-4.oe1
[ 1301s] [315/360] installing shadow-2:4.8.1-5.oe1
[ 1304s] [316/360] installing perl-Test-Simple-2:1.302175-2.oe1
[ 1306s] [317/360] installing libutempter-1.1.6-16.oe1
[ 1310s] [318/360] installing unbound-libs-1.10.1-4.oe1
[ 1314s] [319/360] installing dbus-daemon-1:1.12.20-3.oe1
[ 1317s] [320/360] installing openssh-server-8.2p1-10.oe1
[ 1321s] Created symlink /etc/systemd/system/multi-user.target.wants/sshd.service -> /usr/lib/systemd/system/sshd.service.
[ 1321s] [321/360] installing groff-1.22.4-4.oe1
[ 1329s] [322/360] installing dbus-1:1.12.20-3.oe1
[ 1330s] [323/360] installing man-db-2.9.3-2.oe1
[ 1336s] [324/360] installing perl-Pod-Perldoc-1:3.28-3.oe1
[ 1337s] [325/360] installing gnutls-3.6.15-3.oe1
[ 1341s] [326/360] installing util-linux-2.36.1-3.oe1
[ 1349s] [327/360] installing nss-help-3.72.0-2.oe1
[ 1351s] [328/360] installing perl-Pod-Usage-4:1.69-418.oe1
[ 1352s] [329/360] installing device-mapper-8:1.02.172-1.oe1
[ 1355s] [330/360] installing openssh-8.2p1-10.oe1
[ 1358s] [331/360] installing perl-Getopt-Long-1:2.52-1.oe1
[ 1360s] [332/360] installing cryptsetup-2.3.3-3.oe1
[ 1365s] [333/360] installing device-mapper-event-8:1.02.172-1.oe1
[ 1368s] Created symlink /etc/systemd/system/sockets.target.wants/dm-event.socket -> /usr/lib/systemd/system/dm-event.socket.
[ 1368s] [334/360] installing nss-3.72.0-2.oe1
[ 1375s] [335/360] installing openssh-clients-8.2p1-10.oe1
[ 1378s] [336/360] installing nss-util-3.72.0-2.oe1
[ 1382s] [337/360] installing perl-ExtUtils-ParseXS-2:3.35-1.oe1
[ 1384s] [338/360] installing perl-Module-CoreList-1:5.20180920-2.oe1
[ 1387s] [339/360] installing perl-Digest-SHA-1:6.02-7.oe1
[ 1390s] [340/360] installing perl-Pod-Parser-1.63-397.oe1
[ 1391s] [341/360] installing perl-Pod-Simple-1:3.35-418.oe1
[ 1393s] [342/360] installing perl-Test-Harness-1:3.43_02-1.oe1
[ 1396s] [343/360] installing perl-Archive-Tar-2.30-421.oe1
[ 1397s] [344/360] installing perl-JSON-PP-1:4.04-2.oe1
[ 1399s] [345/360] installing lvm2-8:2.03.11-1.oe1
[ 1408s] Created symlink /etc/systemd/system/sysinit.target.wants/lvm2-lvmpolld.socket -> /usr/lib/systemd/system/lvm2-lvmpolld.socket.
[ 1408s] [346/360] installing autoconf-2.69-30.oe1
[ 1411s] [347/360] installing git-2.23.0-12.oe1
[ 1421s] [348/360] installing nss-softokn-3.72.0-2.oe1
[ 1424s] [349/360] installing perl-Pod-Checker-4:1.73-398.oe1
[ 1425s] [350/360] installing perl-Git-2.23.0-12.oe1
[ 1427s] [351/360] installing perl-CPAN-Meta-2.150010-419.oe1
[ 1429s] [352/360] installing perl-Module-Load-Conditional-0.68-418.oe1
[ 1431s] [353/360] installing automake-1.16.1-6.oe1
[ 1434s] [354/360] installing perl-ExtUtils-MakeMaker-1:7.60-1.oe1
[ 1436s] [355/360] installing perl-ExtUtils-Install-2.14-419.oe1
[ 1437s] [356/360] installing perl-IPC-Cmd-2:1.04-4.oe1
[ 1439s] [357/360] installing rpm-build-4.15.1-25.oe1
[ 1441s] [358/360] installing gcc_secure-1.0-0.9.oe1
[ 1443s] [359/360] installing perl-File-Fetch-0.56-4.oe1
[ 1445s] [360/360] installing perl-devel-4:5.28.0-435.oe1
[ 1456s] removing nis flags from /var/cache/obs/worker/root_1/etc/nsswitch.conf...
[ 1456s] now finalizing build dir...
[ 1465s] Running build time source services...
[ 1480s] -----------------------------------------------------------------
[ 1480s] I have the following modifications for pytest.spec:
[ 1480s] 44c44
[ 1480s] < BuildRequires:  %{_bindir}/rst2html
[ 1480s] ---
[ 1480s] > BuildRequires:  python3-docutils
[ 1480s] -----------------------------------------------------------------
[ 1480s] ----- building pytest.spec (user abuild)
[ 1480s] -----------------------------------------------------------------
[ 1480s] -----------------------------------------------------------------
[ 1486s] + exec rpmbuild -ba --define '_srcdefattr (-,root,root)' --nosignature --define 'disturl obs://private/openEuler:Mainline:RISC-V/advanced_riscv64/0be08b958d0cf6712eb28cbfd3494a60-pytest' /home/abuild/rpmbuild/SOURCES/pytest.spec
[ 1497s] warning: bogus date in %changelog: Fri Jan 9 2021 wutao <wutao61@huawei.com> - 5.4.3-1
[ 1497s] Executing(%prep): /bin/sh -e /var/tmp/rpm-tmp.NMx1yv
[ 1497s] + umask 022
[ 1497s] + cd /home/abuild/rpmbuild/BUILD
[ 1497s] + cd /home/abuild/rpmbuild/BUILD
[ 1497s] + rm -rf pytest-6.2.2
[ 1497s] + /usr/bin/tar -xof -
[ 1497s] + /usr/bin/gzip -dc /home/abuild/rpmbuild/SOURCES/pytest-6.2.2.tar.gz
[ 1498s] + STATUS=0
[ 1498s] + '[' 0 -ne 0 ']'
[ 1498s] + cd pytest-6.2.2
[ 1498s] + /usr/bin/chmod -Rf a+rX,u+w,g-w,o-w .
[ 1498s] + RPM_EC=0
[ 1498s] ++ jobs -p
[ 1498s] + exit 0
[ 1499s] Executing(%build): /bin/sh -e /var/tmp/rpm-tmp.tqSF2G
[ 1499s] + umask 022
[ 1499s] + cd /home/abuild/rpmbuild/BUILD
[ 1499s] + cd pytest-6.2.2
[ 1499s] + CFLAGS='-O2 -g -pipe -Wall -Werror=format-security -Wp,-D_FORTIFY_SOURCE=2 -Wp,-D_GLIBCXX_ASSERTIONS -fstack-protector-strong -grecord-gcc-switches -specs=/usr/lib/rpm/generic-hardened-cc1 -fasynchronous-unwind-tables -fstack-clash-protection'
[ 1499s] + LDFLAGS='-Wl,-z,relro   -Wl,-z,now -specs=/usr/lib/rpm/generic-hardened-ld'
[ 1499s] + /usr/bin/python3 setup.py build '--executable=/usr/bin/python3 -s'
[ 1504s] /usr/lib/python3.8/site-packages/setuptools/installer.py:27: SetuptoolsDeprecationWarning: setuptools.installer is deprecated. Requirements should be satisfied by a PEP 517 installer.
[ 1504s]   warnings.warn(
[ 1504s] WARNING: The wheel package is not available.
[ 1523s]   WARNING: Retrying (Retry(total=4, connect=None, read=None, redirect=None, status=None)) after connection broken by 'NewConnectionError('<pip._vendor.urllib3.connection.VerifiedHTTPSConnection object at 0x3ff4f4f340>: Failed to establish a new connection: [Errno -2] Name or service not known')': /simple/setuptools-scm/
[ 1534s]   WARNING: Retrying (Retry(total=3, connect=None, read=None, redirect=None, status=None)) after connection broken by 'NewConnectionError('<pip._vendor.urllib3.connection.VerifiedHTTPSConnection object at 0x3ff4f4f4f0>: Failed to establish a new connection: [Errno -2] Name or service not known')': /simple/setuptools-scm/
[ 1545s]   WARNING: Retrying (Retry(total=2, connect=None, read=None, redirect=None, status=None)) after connection broken by 'NewConnectionError('<pip._vendor.urllib3.connection.VerifiedHTTPSConnection object at 0x3ff4f4f670>: Failed to establish a new connection: [Errno -2] Name or service not known')': /simple/setuptools-scm/
[ 1557s]   WARNING: Retrying (Retry(total=1, connect=None, read=None, redirect=None, status=None)) after connection broken by 'NewConnectionError('<pip._vendor.urllib3.connection.VerifiedHTTPSConnection object at 0x3ff4f4f7f0>: Failed to establish a new connection: [Errno -2] Name or service not known')': /simple/setuptools-scm/
[ 1571s]   WARNING: Retrying (Retry(total=0, connect=None, read=None, redirect=None, status=None)) after connection broken by 'NewConnectionError('<pip._vendor.urllib3.connection.VerifiedHTTPSConnection object at 0x3ff4f4f970>: Failed to establish a new connection: [Errno -2] Name or service not known')': /simple/setuptools-scm/
[ 1581s]   ERROR: Could not find a version that satisfies the requirement setuptools-scm>=3.4 (from versions: none)
[ 1581s] ERROR: No matching distribution found for setuptools-scm>=3.4
[ 1581s] Traceback (most recent call last):
[ 1581s]   File "/usr/lib/python3.8/site-packages/setuptools/installer.py", line 82, in fetch_build_egg
[ 1581s]     subprocess.check_call(cmd)
[ 1581s]   File "/usr/lib64/python3.8/subprocess.py", line 364, in check_call
[ 1581s]     raise CalledProcessError(retcode, cmd)
[ 1581s] subprocess.CalledProcessError: Command '['/usr/bin/python3', '-m', 'pip', '--disable-pip-version-check', 'wheel', '--no-deps', '-w', '/tmp/tmpqxseg00m', '--quiet', 'setuptools-scm>=3.4']' returned non-zero exit status 1.
[ 1581s] 
[ 1581s] The above exception was the direct cause of the following exception:
[ 1581s] 
[ 1581s] Traceback (most recent call last):
[ 1581s]   File "setup.py", line 4, in <module>
[ 1581s]     setup()
[ 1581s]   File "/usr/lib/python3.8/site-packages/setuptools/__init__.py", line 152, in setup
[ 1581s]     _install_setup_requires(attrs)
[ 1581s]   File "/usr/lib/python3.8/site-packages/setuptools/__init__.py", line 147, in _install_setup_requires
[ 1581s]     dist.fetch_build_eggs(dist.setup_requires)
[ 1581s]   File "/usr/lib/python3.8/site-packages/setuptools/dist.py", line 806, in fetch_build_eggs
[ 1581s]     resolved_dists = pkg_resources.working_set.resolve(
[ 1581s]   File "/usr/lib/python3.8/site-packages/pkg_resources/__init__.py", line 771, in resolve
[ 1581s]     dist = best[req.key] = env.best_match(
[ 1581s]   File "/usr/lib/python3.8/site-packages/pkg_resources/__init__.py", line 1056, in best_match
[ 1581s]     return self.obtain(req, installer)
[ 1581s]   File "/usr/lib/python3.8/site-packages/pkg_resources/__init__.py", line 1068, in obtain
[ 1581s]     return installer(requirement)
[ 1581s]   File "/usr/lib/python3.8/site-packages/setuptools/dist.py", line 877, in fetch_build_egg
[ 1581s]     return fetch_build_egg(self, req)
[ 1581s]   File "/usr/lib/python3.8/site-packages/setuptools/installer.py", line 84, in fetch_build_egg
[ 1581s]     raise DistutilsError(str(e)) from e
[ 1581s] distutils.errors.DistutilsError: Command '['/usr/bin/python3', '-m', 'pip', '--disable-pip-version-check', 'wheel', '--no-deps', '-w', '/tmp/tmpqxseg00m', '--quiet', 'setuptools-scm>=3.4']' returned non-zero exit status 1.
[ 1582s] error: Bad exit status from /var/tmp/rpm-tmp.tqSF2G (%build)
[ 1582s] 
[ 1582s] 
[ 1582s] RPM build errors:
[ 1582s]     bogus date in %changelog: Fri Jan 9 2021 wutao <wutao61@huawei.com> - 5.4.3-1
[ 1582s]     Bad exit status from /var/tmp/rpm-tmp.tqSF2G (%build)
[ 1582s] 
[ 1582s] oe-RISCV-worker82 failed "build pytest.spec" at Thu Apr 21 09:21:22 UTC 2022.
[ 1582s] 
